MPLINK 4.31, Linker
Linker Map File - Created Sat Oct 05 23:02:01 2019

                                 Section Info
                  Section       Type    Address   Location Size(Bytes)
                ---------  ---------  ---------  ---------  ---------
                   .org_0       code   0x000000    program   0x00002a
                   .cinit    romdata   0x000015    program   0x000004



                              Program Memory Usage 
                               Start         End      
                           ---------   ---------      
                            0x000000    0x000016      
            23 out of 2183 program addresses used, program memory utilization is 1%



                              Symbols - Sorted by Name
                     Name    Address   Location    Storage File                     
                ---------  ---------  ---------  --------- ---------                
                   INICIO   0x000000    program     static C:\Users\Matias\Google Drive\Unla\Primer año\Cuatri 2\Arquitectura de las computadoras\Tp Arquitectura\Comparador de numeros\Definitivo!\leds.asm
                     LED1   0x000011    program     static C:\Users\Matias\Google Drive\Unla\Primer año\Cuatri 2\Arquitectura de las computadoras\Tp Arquitectura\Comparador de numeros\Definitivo!\leds.asm
                     LED2   0x000013    program     static C:\Users\Matias\Google Drive\Unla\Primer año\Cuatri 2\Arquitectura de las computadoras\Tp Arquitectura\Comparador de numeros\Definitivo!\leds.asm
                    NCOMP   0x00000c    program     static C:\Users\Matias\Google Drive\Unla\Primer año\Cuatri 2\Arquitectura de las computadoras\Tp Arquitectura\Comparador de numeros\Definitivo!\leds.asm
                   NLOAD1   0x000006    program     static C:\Users\Matias\Google Drive\Unla\Primer año\Cuatri 2\Arquitectura de las computadoras\Tp Arquitectura\Comparador de numeros\Definitivo!\leds.asm
                   NLOAD2   0x000009    program     static C:\Users\Matias\Google Drive\Unla\Primer año\Cuatri 2\Arquitectura de las computadoras\Tp Arquitectura\Comparador de numeros\Definitivo!\leds.asm
                   SETLED   0x000000    program     static C:\Users\Matias\Google Drive\Unla\Primer año\Cuatri 2\Arquitectura de las computadoras\Tp Arquitectura\Comparador de numeros\Definitivo!\leds.asm
             _.org_0_0012   0x000012    program     static C:\Users\Matias\Google Drive\Unla\Primer año\Cuatri 2\Arquitectura de las computadoras\Tp Arquitectura\Comparador de numeros\Definitivo!\leds.asm
             _.org_0_0014   0x000014    program     static C:\Users\Matias\Google Drive\Unla\Primer año\Cuatri 2\Arquitectura de las computadoras\Tp Arquitectura\Comparador de numeros\Definitivo!\leds.asm



                              Symbols - Sorted by Address
                     Name    Address   Location    Storage File                     
                ---------  ---------  ---------  --------- ---------                
                   INICIO   0x000000    program     static C:\Users\Matias\Google Drive\Unla\Primer año\Cuatri 2\Arquitectura de las computadoras\Tp Arquitectura\Comparador de numeros\Definitivo!\leds.asm
                   SETLED   0x000000    program     static C:\Users\Matias\Google Drive\Unla\Primer año\Cuatri 2\Arquitectura de las computadoras\Tp Arquitectura\Comparador de numeros\Definitivo!\leds.asm
                   NLOAD1   0x000006    program     static C:\Users\Matias\Google Drive\Unla\Primer año\Cuatri 2\Arquitectura de las computadoras\Tp Arquitectura\Comparador de numeros\Definitivo!\leds.asm
                   NLOAD2   0x000009    program     static C:\Users\Matias\Google Drive\Unla\Primer año\Cuatri 2\Arquitectura de las computadoras\Tp Arquitectura\Comparador de numeros\Definitivo!\leds.asm
                    NCOMP   0x00000c    program     static C:\Users\Matias\Google Drive\Unla\Primer año\Cuatri 2\Arquitectura de las computadoras\Tp Arquitectura\Comparador de numeros\Definitivo!\leds.asm
                     LED1   0x000011    program     static C:\Users\Matias\Google Drive\Unla\Primer año\Cuatri 2\Arquitectura de las computadoras\Tp Arquitectura\Comparador de numeros\Definitivo!\leds.asm
             _.org_0_0012   0x000012    program     static C:\Users\Matias\Google Drive\Unla\Primer año\Cuatri 2\Arquitectura de las computadoras\Tp Arquitectura\Comparador de numeros\Definitivo!\leds.asm
                     LED2   0x000013    program     static C:\Users\Matias\Google Drive\Unla\Primer año\Cuatri 2\Arquitectura de las computadoras\Tp Arquitectura\Comparador de numeros\Definitivo!\leds.asm
             _.org_0_0014   0x000014    program     static C:\Users\Matias\Google Drive\Unla\Primer año\Cuatri 2\Arquitectura de las computadoras\Tp Arquitectura\Comparador de numeros\Definitivo!\leds.asm


