MPLINK 4.31, Linker
Linker Map File - Created Fri Nov 22 10:37:42 2019

                                 Section Info
                  Section       Type    Address   Location Size(Bytes)
                ---------  ---------  ---------  ---------  ---------
                   .org_0       code   0x000000    program   0x000098
                   .cinit    romdata   0x00004c    program   0x000004
      .config_2007_LEDS.O       code   0x002007    program   0x000002



                              Program Memory Usage 
                               Start         End      
                           ---------   ---------      
                            0x000000    0x00004d      
                            0x002007    0x002007      
            79 out of 2183 program addresses used, program memory utilization is 3%



                              Symbols - Sorted by Name
                     Name    Address   Location    Storage File                     
                ---------  ---------  ---------  --------- ---------                
                      APB   0x00000f    program     static C:\Users\Matias\Desktop\CRISTIAN MPLAB\leds.asm
                  BAJAR1P   0x000035    program     static C:\Users\Matias\Desktop\CRISTIAN MPLAB\leds.asm
                    BUCLE   0x000015    program     static C:\Users\Matias\Desktop\CRISTIAN MPLAB\leds.asm
               EMERGENCIA   0x000046    program     static C:\Users\Matias\Desktop\CRISTIAN MPLAB\leds.asm
                   INICIO   0x000000    program     static C:\Users\Matias\Desktop\CRISTIAN MPLAB\leds.asm
                    IRAP2   0x00003f    program     static C:\Users\Matias\Desktop\CRISTIAN MPLAB\leds.asm
                    IRAPB   0x000021    program     static C:\Users\Matias\Desktop\CRISTIAN MPLAB\leds.asm
                       PB   0x00001f    program     static C:\Users\Matias\Desktop\CRISTIAN MPLAB\leds.asm
                    PISO1   0x000028    program     static C:\Users\Matias\Desktop\CRISTIAN MPLAB\leds.asm
                    PISO2   0x00003d    program     static C:\Users\Matias\Desktop\CRISTIAN MPLAB\leds.asm
               PULSADORES   0x000018    program     static C:\Users\Matias\Desktop\CRISTIAN MPLAB\leds.asm
                RUTINA1PB   0x000037    program     static C:\Users\Matias\Desktop\CRISTIAN MPLAB\leds.asm
                RUTINA1PS   0x00002f    program     static C:\Users\Matias\Desktop\CRISTIAN MPLAB\leds.asm
                   SEGUIR   0x000048    program     static C:\Users\Matias\Desktop\CRISTIAN MPLAB\leds.asm
                  SUBIR1P   0x00002d    program     static C:\Users\Matias\Desktop\CRISTIAN MPLAB\leds.asm



                              Symbols - Sorted by Address
                     Name    Address   Location    Storage File                     
                ---------  ---------  ---------  --------- ---------                
                   INICIO   0x000000    program     static C:\Users\Matias\Desktop\CRISTIAN MPLAB\leds.asm
                      APB   0x00000f    program     static C:\Users\Matias\Desktop\CRISTIAN MPLAB\leds.asm
                    BUCLE   0x000015    program     static C:\Users\Matias\Desktop\CRISTIAN MPLAB\leds.asm
               PULSADORES   0x000018    program     static C:\Users\Matias\Desktop\CRISTIAN MPLAB\leds.asm
                       PB   0x00001f    program     static C:\Users\Matias\Desktop\CRISTIAN MPLAB\leds.asm
                    IRAPB   0x000021    program     static C:\Users\Matias\Desktop\CRISTIAN MPLAB\leds.asm
                    PISO1   0x000028    program     static C:\Users\Matias\Desktop\CRISTIAN MPLAB\leds.asm
                  SUBIR1P   0x00002d    program     static C:\Users\Matias\Desktop\CRISTIAN MPLAB\leds.asm
                RUTINA1PS   0x00002f    program     static C:\Users\Matias\Desktop\CRISTIAN MPLAB\leds.asm
                  BAJAR1P   0x000035    program     static C:\Users\Matias\Desktop\CRISTIAN MPLAB\leds.asm
                RUTINA1PB   0x000037    program     static C:\Users\Matias\Desktop\CRISTIAN MPLAB\leds.asm
                    PISO2   0x00003d    program     static C:\Users\Matias\Desktop\CRISTIAN MPLAB\leds.asm
                    IRAP2   0x00003f    program     static C:\Users\Matias\Desktop\CRISTIAN MPLAB\leds.asm
               EMERGENCIA   0x000046    program     static C:\Users\Matias\Desktop\CRISTIAN MPLAB\leds.asm
                   SEGUIR   0x000048    program     static C:\Users\Matias\Desktop\CRISTIAN MPLAB\leds.asm


